Godot Engine v4.7.stable.official.5b4e0cb0f - https://godotengine.org

Terrain replay seed: 941462462
AURORA_FLAT_TRAVERSAL seed=941462462 boosted=false frames=844
Terrain replay seed: 941462462
AURORA_FLAT_TRAVERSAL seed=941462462 boosted=true frames=4167
Terrain replay seed: 2160065702
AURORA_FLAT_TRAVERSAL seed=2160065702 boosted=false frames=844
Terrain replay seed: 2160065702
AURORA_FLAT_TRAVERSAL seed=2160065702 boosted=true frames=4167
  Void inside reserved flat
  Void inside reserved flat
  Void inside reserved flat
  Void inside reserved flat
  Void inside reserved flat
  Void inside reserved flat
  Void inside reserved flat
  Void inside reserved flat
  Void inside reserved flat
  Void inside reserved flat
  Void inside reserved flat
  Void inside reserved flat
  Void inside reserved flat
  Void inside reserved flat
  Void inside reserved flat
  Void inside reserved flat
  Void inside reserved flat
  Void inside reserved flat
  Void inside reserved flat
  Void inside reserved flat
  Void inside reserved flat
  Void inside reserved flat
  Void inside reserved flat
  Void inside reserved flat
  Void inside reserved flat
  Void inside reserved flat
  Void inside reserved flat
  Void inside reserved flat
  Void inside reserved flat
  Void inside reserved flat
AURORA_CALM_FOUNDATION FAIL assertions=118576 seeds=8 traversals=4
